[workupload.com/index.html]
[backblue.gif]
[fade.gif]
[index.html]
[workupload.com/favicon/favicon-16x16.png]
[workupload.com/favicon/manifest.json]
[workupload.com/favicon/safari-pinned-tab.svg]
[workupload.com/favicon/favicon.ico]
[workupload.com/favicon/browserconfig.xml]
[workupload.com/translations9cfe.js]
[workupload.com/js/39b9ad58ea8.js]
[www.google-analytics.com/analytics.js]
[workupload.com/css/4280ebd8ea8.css]
[www.google.com/recaptcha/api.js]
[workupload.com/login.html]
[workupload.com/legal/privacy.html]
[workupload.com/legal/terms.html]
[workupload.com/signUp.html]
[workupload.com/help.html]
[workupload.com/faq.html]
[workupload.com/contact.html]
[workupload.com/about.html]
[workupload.com/index.html]
[workupload.com/favicon/safari-pinned-tab.svg]
[workupload.com/imprint.html]
[workupload.com/favicon/apple-touch-icon.png]
[workupload.com/favicon/favicon-32x32.png]
[workupload.com/fonts/glyphicons-halflings-regular.woff2]
[workupload.com/fonts/glyphicons-halflings-regular.woff]
[workupload.com/fonts/glyphicons-halflings-regular.ttf]
[workupload.com/fonts/fontawesome-webfont3e6e.eot]
[workupload.com/fonts/fontawesome-webfontd41d.eot]
[workupload.com/fonts/fontawesome-webfont3e6e.woff]
[workupload.com/fonts/fontawesome-webfont3e6e.ttf]
[workupload.com/fonts/fontawesome-webfont3e6e.svg]
[workupload.com/fonts/roboto-v29-vietnamese_latin-ext_latin_greek-ext_greek_cyrillic-ext_cyrillic-300.woff2]
[workupload.com/fonts/roboto-v29-vietnamese_latin-ext_latin_greek-ext_greek_cyrillic-ext_cyrillic-300.woff]
[workupload.com/fonts/roboto-v29-vietnamese_latin-ext_latin_greek-ext_greek_cyrillic-ext_cyrillic-regular.woff2]
[workupload.com/fonts/roboto-v29-vietnamese_latin-ext_latin_greek-ext_greek_cyrillic-ext_cyrillic-regular.woff]
[workupload.com/fonts/roboto-v29-vietnamese_latin-ext_latin_greek-ext_greek_cyrillic-ext_cyrillic-300italic.woff2]
[workupload.com/fonts/roboto-v29-vietnamese_latin-ext_latin_greek-ext_greek_cyrillic-ext_cyrillic-300italic.woff]
[workupload.com/fonts/roboto-v29-vietnamese_latin-ext_latin_greek-ext_greek_cyrillic-ext_cyrillic-500.woff2]
[workupload.com/fonts/roboto-v29-vietnamese_latin-ext_latin_greek-ext_greek_cyrillic-ext_cyrillic-500.woff]
[workupload.com/fonts/roboto-v29-vietnamese_latin-ext_latin_greek-ext_greek_cyrillic-ext_cyrillic-700.woff2]
[workupload.com/fonts/roboto-v29-vietnamese_latin-ext_latin_greek-ext_greek_cyrillic-ext_cyrillic-700.woff]
[workupload.com/css/4280ebd8ea8.css]
[workupload.com/bundles/app/img/workupload_logo_medium.svg]
[workupload.com/requestPassword.html]
[workupload.com/login.html]
[workupload.com/legal/privacy.html]
[workupload.com/legal/terms.html]
[workupload.com/signUp.html]
[workupload.com/help.html]
[workupload.com/bundles/app/img/workupload_logo_small.svg]
[workupload.com/faq.html]
[workupload.com/contact.html]
[workupload.com/bundles/app/img/features/archive.svg]
[workupload.com/bundles/app/img/features/bomb.svg]
[workupload.com/bundles/app/img/features/history.svg]
[workupload.com/bundles/app/img/features/chart.svg]
[workupload.com/bundles/app/img/features/lock.svg]
[workupload.com/bundles/app/img/features/rocket.svg]
[workupload.com/about.html]
[workupload.com/imprint.html]
[workupload.com/fonts/glyphicons-halflings-regular.html]
[workupload.com/fonts/glyphicons-halflings-regulard41d.html]
[workupload.com/fonts/glyphicons-halflings-regular-2.html]
[workupload.com/fonts/fontawesome-webfont3e6e.svg]
[workupload.com/fonts/fontawesome-webfont3e6e.woff2]
[workupload.com/bundles/app/img/workupload_logo_medium.svg]
[workupload.com/requestPassword.html]
[workupload.com/bundles/app/img/workupload_logo_small.svg]
[workupload.com/bundles/app/img/features/archive.svg]
[workupload.com/bundles/app/img/features/bomb.svg]
[workupload.com/bundles/app/img/features/history.svg]
[workupload.com/bundles/app/img/features/chart.svg]
[workupload.com/bundles/app/img/features/lock.svg]
[workupload.com/bundles/app/img/features/rocket.svg]
